// Jest Snapshot v1, https://goo.gl/fbAQLP

exports[`App should match the snapshot 1`] = `
ShallowWrapper {
  "length": 1,
  Symbol(enzyme.__root__): [Circular],
  Symbol(enzyme.__unrendered__): <App />,
  Symbol(enzyme.__renderer__): Object {
    "batchedUpdates": [Function],
    "getNode": [Function],
    "render": [Function],
    "simulateEvent": [Function],
    "unmount": [Function],
  },
  Symbol(enzyme.__node__): Object {
    "instance": null,
    "key": undefined,
    "nodeType": "host",
    "props": Object {
      "children": Array [
        <header>
          <div
                    className="title-container"
          >
                    <Link
                              replace={false}
                              to="/"
                    >
                              <h2>
                                        SWAPIbox
                              </h2>
                    </Link>
          </div>
          <nav
                    className="button-container"
          >
                    <NavLink
                              activeClassName="active"
                              activeStyle={
                                        Object {
                                                  "color": "black",
                                                }
                              }
                              ariaCurrent="true"
                              to="/people"
                    >
                              <button>
                                        <img
                                                  alt="people icon"
                                                  src="people-icon.svg"
                                        />
                                        <h4>
                                                  People
                                        </h4>
                              </button>
                    </NavLink>
                    <NavLink
                              activeClassName="active"
                              ariaCurrent="true"
                              to="/planets"
                    >
                              <button>
                                        <img
                                                  alt="planets icon"
                                                  src="planets-icon.svg"
                                        />
                                        <h4>
                                                  Planets
                                        </h4>
                              </button>
                    </NavLink>
                    <NavLink
                              activeClassName="active"
                              ariaCurrent="true"
                              to="/vehicles"
                    >
                              <button>
                                        <img
                                                  alt="vehicles icon"
                                                  src="vehicles-icon.svg"
                                        />
                                        <h4>
                                                  Vehicles
                                        </h4>
                              </button>
                    </NavLink>
                    <NavLink
                              activeClassName="active"
                              ariaCurrent="true"
                              to="/favorites"
                    >
                              <button
                                        id="favorites"
                              >
                                        <img
                                                  alt="favorites icon"
                                                  src="favorites-icon.svg"
                                        />
                                        <h4>
                                                  Favorites
                                        </h4>
                              </button>
                    </NavLink>
                    <div
                              className="count-container"
                    >
                              <div
                                        className="count-favorites"
                              />
                    </div>
          </nav>
</header>,
        <main>
          <aside>
                    <Unknown
                              film={Object {}}
                              id="scrollMe"
                    />
          </aside>
          <section
                    className="content"
          >
                    <Route
                              component={[Function]}
                              exact={true}
                              path="/"
                    />
                    <Route
                              exact={true}
                              path="/people"
                              render={[Function]}
                    />
                    <Route
                              component={[Function]}
                              exact={true}
                              path="/planets"
                    />
                    <Route
                              component={[Function]}
                              exact={true}
                              path="/vehicles"
                    />
                    <Route
                              exact={true}
                              path="/favorites"
                              render={[Function]}
                    />
          </section>
</main>,
      ],
      "className": "App",
    },
    "ref": null,
    "rendered": Array [
      Object {
        "instance": null,
        "key": undefined,
        "nodeType": "host",
        "props": Object {
          "children": Array [
            <div
              className="title-container"
>
              <Link
                            replace={false}
                            to="/"
              >
                            <h2>
                                          SWAPIbox
                            </h2>
              </Link>
</div>,
            <nav
              className="button-container"
>
              <NavLink
                            activeClassName="active"
                            activeStyle={
                                          Object {
                                                        "color": "black",
                                                      }
                            }
                            ariaCurrent="true"
                            to="/people"
              >
                            <button>
                                          <img
                                                        alt="people icon"
                                                        src="people-icon.svg"
                                          />
                                          <h4>
                                                        People
                                          </h4>
                            </button>
              </NavLink>
              <NavLink
                            activeClassName="active"
                            ariaCurrent="true"
                            to="/planets"
              >
                            <button>
                                          <img
                                                        alt="planets icon"
                                                        src="planets-icon.svg"
                                          />
                                          <h4>
                                                        Planets
                                          </h4>
                            </button>
              </NavLink>
              <NavLink
                            activeClassName="active"
                            ariaCurrent="true"
                            to="/vehicles"
              >
                            <button>
                                          <img
                                                        alt="vehicles icon"
                                                        src="vehicles-icon.svg"
                                          />
                                          <h4>
                                                        Vehicles
                                          </h4>
                            </button>
              </NavLink>
              <NavLink
                            activeClassName="active"
                            ariaCurrent="true"
                            to="/favorites"
              >
                            <button
                                          id="favorites"
                            >
                                          <img
                                                        alt="favorites icon"
                                                        src="favorites-icon.svg"
                                          />
                                          <h4>
                                                        Favorites
                                          </h4>
                            </button>
              </NavLink>
              <div
                            className="count-container"
              >
                            <div
                                          className="count-favorites"
                            />
              </div>
</nav>,
          ],
        },
        "ref": null,
        "rendered": Array [
          Object {
            "instance": null,
            "key": undefined,
            "nodeType": "host",
            "props": Object {
              "children": <Link
                replace={false}
                to="/"
>
                <h2>
                                SWAPIbox
                </h2>
</Link>,
              "className": "title-container",
            },
            "ref": null,
            "rendered": Object {
              "instance": null,
              "key": undefined,
              "nodeType": "class",
              "props": Object {
                "children": <h2>
                  SWAPIbox
</h2>,
                "replace": false,
                "to": "/",
              },
              "ref": null,
              "rendered": Object {
                "instance": null,
                "key": undefined,
                "nodeType": "host",
                "props": Object {
                  "children": "SWAPIbox",
                },
                "ref": null,
                "rendered": "SWAPIbox",
                "type": "h2",
              },
              "type": [Function],
            },
            "type": "div",
          },
          Object {
            "instance": null,
            "key": undefined,
            "nodeType": "host",
            "props": Object {
              "children": Array [
                <NavLink
                  activeClassName="active"
                  activeStyle={
                                    Object {
                                                      "color": "black",
                                                    }
                  }
                  ariaCurrent="true"
                  to="/people"
>
                  <button>
                                    <img
                                                      alt="people icon"
                                                      src="people-icon.svg"
                                    />
                                    <h4>
                                                      People
                                    </h4>
                  </button>
</NavLink>,
                <NavLink
                  activeClassName="active"
                  ariaCurrent="true"
                  to="/planets"
>
                  <button>
                                    <img
                                                      alt="planets icon"
                                                      src="planets-icon.svg"
                                    />
                                    <h4>
                                                      Planets
                                    </h4>
                  </button>
</NavLink>,
                <NavLink
                  activeClassName="active"
                  ariaCurrent="true"
                  to="/vehicles"
>
                  <button>
                                    <img
                                                      alt="vehicles icon"
                                                      src="vehicles-icon.svg"
                                    />
                                    <h4>
                                                      Vehicles
                                    </h4>
                  </button>
</NavLink>,
                <NavLink
                  activeClassName="active"
                  ariaCurrent="true"
                  to="/favorites"
>
                  <button
                                    id="favorites"
                  >
                                    <img
                                                      alt="favorites icon"
                                                      src="favorites-icon.svg"
                                    />
                                    <h4>
                                                      Favorites
                                    </h4>
                  </button>
</NavLink>,
                <div
                  className="count-container"
>
                  <div
                                    className="count-favorites"
                  />
</div>,
              ],
              "className": "button-container",
            },
            "ref": null,
            "rendered": Array [
              Object {
                "instance": null,
                "key": undefined,
                "nodeType": "function",
                "props": Object {
                  "activeClassName": "active",
                  "activeStyle": Object {
                    "color": "black",
                  },
                  "ariaCurrent": "true",
                  "children": <button>
                    <img
                                        alt="people icon"
                                        src="people-icon.svg"
                    />
                    <h4>
                                        People
                    </h4>
</button>,
                  "to": "/people",
                },
                "ref": null,
                "rendered": Object {
                  "instance": null,
                  "key": undefined,
                  "nodeType": "host",
                  "props": Object {
                    "children": Array [
                      <img
                        alt="people icon"
                        src="people-icon.svg"
/>,
                      <h4>
                        People
</h4>,
                    ],
                  },
                  "ref": null,
                  "rendered": Array [
                    Object {
                      "instance": null,
                      "key": undefined,
                      "nodeType": "host",
                      "props": Object {
                        "alt": "people icon",
                        "src": "people-icon.svg",
                      },
                      "ref": null,
                      "rendered": null,
                      "type": "img",
                    },
                    Object {
                      "instance": null,
                      "key": undefined,
                      "nodeType": "host",
                      "props": Object {
                        "children": "People",
                      },
                      "ref": null,
                      "rendered": "People",
                      "type": "h4",
                    },
                  ],
                  "type": "button",
                },
                "type": [Function],
              },
              Object {
                "instance": null,
                "key": undefined,
                "nodeType": "function",
                "props": Object {
                  "activeClassName": "active",
                  "ariaCurrent": "true",
                  "children": <button>
                    <img
                                        alt="planets icon"
                                        src="planets-icon.svg"
                    />
                    <h4>
                                        Planets
                    </h4>
</button>,
                  "to": "/planets",
                },
                "ref": null,
                "rendered": Object {
                  "instance": null,
                  "key": undefined,
                  "nodeType": "host",
                  "props": Object {
                    "children": Array [
                      <img
                        alt="planets icon"
                        src="planets-icon.svg"
/>,
                      <h4>
                        Planets
</h4>,
                    ],
                  },
                  "ref": null,
                  "rendered": Array [
                    Object {
                      "instance": null,
                      "key": undefined,
                      "nodeType": "host",
                      "props": Object {
                        "alt": "planets icon",
                        "src": "planets-icon.svg",
                      },
                      "ref": null,
                      "rendered": null,
                      "type": "img",
                    },
                    Object {
                      "instance": null,
                      "key": undefined,
                      "nodeType": "host",
                      "props": Object {
                        "children": "Planets",
                      },
                      "ref": null,
                      "rendered": "Planets",
                      "type": "h4",
                    },
                  ],
                  "type": "button",
                },
                "type": [Function],
              },
              Object {
                "instance": null,
                "key": undefined,
                "nodeType": "function",
                "props": Object {
                  "activeClassName": "active",
                  "ariaCurrent": "true",
                  "children": <button>
                    <img
                                        alt="vehicles icon"
                                        src="vehicles-icon.svg"
                    />
                    <h4>
                                        Vehicles
                    </h4>
</button>,
                  "to": "/vehicles",
                },
                "ref": null,
                "rendered": Object {
                  "instance": null,
                  "key": undefined,
                  "nodeType": "host",
                  "props": Object {
                    "children": Array [
                      <img
                        alt="vehicles icon"
                        src="vehicles-icon.svg"
/>,
                      <h4>
                        Vehicles
</h4>,
                    ],
                  },
                  "ref": null,
                  "rendered": Array [
                    Object {
                      "instance": null,
                      "key": undefined,
                      "nodeType": "host",
                      "props": Object {
                        "alt": "vehicles icon",
                        "src": "vehicles-icon.svg",
                      },
                      "ref": null,
                      "rendered": null,
                      "type": "img",
                    },
                    Object {
                      "instance": null,
                      "key": undefined,
                      "nodeType": "host",
                      "props": Object {
                        "children": "Vehicles",
                      },
                      "ref": null,
                      "rendered": "Vehicles",
                      "type": "h4",
                    },
                  ],
                  "type": "button",
                },
                "type": [Function],
              },
              Object {
                "instance": null,
                "key": undefined,
                "nodeType": "function",
                "props": Object {
                  "activeClassName": "active",
                  "ariaCurrent": "true",
                  "children": <button
                    id="favorites"
>
                    <img
                                        alt="favorites icon"
                                        src="favorites-icon.svg"
                    />
                    <h4>
                                        Favorites
                    </h4>
</button>,
                  "to": "/favorites",
                },
                "ref": null,
                "rendered": Object {
                  "instance": null,
                  "key": undefined,
                  "nodeType": "host",
                  "props": Object {
                    "children": Array [
                      <img
                        alt="favorites icon"
                        src="favorites-icon.svg"
/>,
                      <h4>
                        Favorites
</h4>,
                    ],
                    "id": "favorites",
                  },
                  "ref": null,
                  "rendered": Array [
                    Object {
                      "instance": null,
                      "key": undefined,
                      "nodeType": "host",
                      "props": Object {
                        "alt": "favorites icon",
                        "src": "favorites-icon.svg",
                      },
                      "ref": null,
                      "rendered": null,
                      "type": "img",
                    },
                    Object {
                      "instance": null,
                      "key": undefined,
                      "nodeType": "host",
                      "props": Object {
                        "children": "Favorites",
                      },
                      "ref": null,
                      "rendered": "Favorites",
                      "type": "h4",
                    },
                  ],
                  "type": "button",
                },
                "type": [Function],
              },
              Object {
                "instance": null,
                "key": undefined,
                "nodeType": "host",
                "props": Object {
                  "children": <div
                    className="count-favorites"
/>,
                  "className": "count-container",
                },
                "ref": null,
                "rendered": Object {
                  "instance": null,
                  "key": undefined,
                  "nodeType": "host",
                  "props": Object {
                    "children": 0,
                    "className": "count-favorites",
                  },
                  "ref": null,
                  "rendered": 0,
                  "type": "div",
                },
                "type": "div",
              },
            ],
            "type": "nav",
          },
        ],
        "type": "header",
      },
      Object {
        "instance": null,
        "key": undefined,
        "nodeType": "host",
        "props": Object {
          "children": Array [
            <aside>
              <Unknown
                            film={Object {}}
                            id="scrollMe"
              />
</aside>,
            <section
              className="content"
>
              <Route
                            component={[Function]}
                            exact={true}
                            path="/"
              />
              <Route
                            exact={true}
                            path="/people"
                            render={[Function]}
              />
              <Route
                            component={[Function]}
                            exact={true}
                            path="/planets"
              />
              <Route
                            component={[Function]}
                            exact={true}
                            path="/vehicles"
              />
              <Route
                            exact={true}
                            path="/favorites"
                            render={[Function]}
              />
</section>,
          ],
        },
        "ref": null,
        "rendered": Array [
          Object {
            "instance": null,
            "key": undefined,
            "nodeType": "host",
            "props": Object {
              "children": <Unknown
                film={Object {}}
                id="scrollMe"
/>,
            },
            "ref": null,
            "rendered": Object {
              "instance": null,
              "key": undefined,
              "nodeType": "function",
              "props": Object {
                "film": Object {},
                "id": "scrollMe",
              },
              "ref": null,
              "rendered": null,
              "type": [Function],
            },
            "type": "aside",
          },
          Object {
            "instance": null,
            "key": undefined,
            "nodeType": "host",
            "props": Object {
              "children": Array [
                <Route
                  component={[Function]}
                  exact={true}
                  path="/"
/>,
                <Route
                  exact={true}
                  path="/people"
                  render={[Function]}
/>,
                <Route
                  component={[Function]}
                  exact={true}
                  path="/planets"
/>,
                <Route
                  component={[Function]}
                  exact={true}
                  path="/vehicles"
/>,
                <Route
                  exact={true}
                  path="/favorites"
                  render={[Function]}
/>,
              ],
              "className": "content",
            },
            "ref": null,
            "rendered": Array [
              Object {
                "instance": null,
                "key": undefined,
                "nodeType": "class",
                "props": Object {
                  "component": [Function],
                  "exact": true,
                  "path": "/",
                },
                "ref": null,
                "rendered": null,
                "type": [Function],
              },
              Object {
                "instance": null,
                "key": undefined,
                "nodeType": "class",
                "props": Object {
                  "exact": true,
                  "path": "/people",
                  "render": [Function],
                },
                "ref": null,
                "rendered": null,
                "type": [Function],
              },
              Object {
                "instance": null,
                "key": undefined,
                "nodeType": "class",
                "props": Object {
                  "component": [Function],
                  "exact": true,
                  "path": "/planets",
                },
                "ref": null,
                "rendered": null,
                "type": [Function],
              },
              Object {
                "instance": null,
                "key": undefined,
                "nodeType": "class",
                "props": Object {
                  "component": [Function],
                  "exact": true,
                  "path": "/vehicles",
                },
                "ref": null,
                "rendered": null,
                "type": [Function],
              },
              Object {
                "instance": null,
                "key": undefined,
                "nodeType": "class",
                "props": Object {
                  "exact": true,
                  "path": "/favorites",
                  "render": [Function],
                },
                "ref": null,
                "rendered": null,
                "type": [Function],
              },
            ],
            "type": "section",
          },
        ],
        "type": "main",
      },
    ],
    "type": "div",
  },
  Symbol(enzyme.__nodes__): Array [
    Object {
      "instance": null,
      "key": undefined,
      "nodeType": "host",
      "props": Object {
        "children": Array [
          <header>
            <div
                        className="title-container"
            >
                        <Link
                                    replace={false}
                                    to="/"
                        >
                                    <h2>
                                                SWAPIbox
                                    </h2>
                        </Link>
            </div>
            <nav
                        className="button-container"
            >
                        <NavLink
                                    activeClassName="active"
                                    activeStyle={
                                                Object {
                                                            "color": "black",
                                                          }
                                    }
                                    ariaCurrent="true"
                                    to="/people"
                        >
                                    <button>
                                                <img
                                                            alt="people icon"
                                                            src="people-icon.svg"
                                                />
                                                <h4>
                                                            People
                                                </h4>
                                    </button>
                        </NavLink>
                        <NavLink
                                    activeClassName="active"
                                    ariaCurrent="true"
                                    to="/planets"
                        >
                                    <button>
                                                <img
                                                            alt="planets icon"
                                                            src="planets-icon.svg"
                                                />
                                                <h4>
                                                            Planets
                                                </h4>
                                    </button>
                        </NavLink>
                        <NavLink
                                    activeClassName="active"
                                    ariaCurrent="true"
                                    to="/vehicles"
                        >
                                    <button>
                                                <img
                                                            alt="vehicles icon"
                                                            src="vehicles-icon.svg"
                                                />
                                                <h4>
                                                            Vehicles
                                                </h4>
                                    </button>
                        </NavLink>
                        <NavLink
                                    activeClassName="active"
                                    ariaCurrent="true"
                                    to="/favorites"
                        >
                                    <button
                                                id="favorites"
                                    >
                                                <img
                                                            alt="favorites icon"
                                                            src="favorites-icon.svg"
                                                />
                                                <h4>
                                                            Favorites
                                                </h4>
                                    </button>
                        </NavLink>
                        <div
                                    className="count-container"
                        >
                                    <div
                                                className="count-favorites"
                                    />
                        </div>
            </nav>
</header>,
          <main>
            <aside>
                        <Unknown
                                    film={Object {}}
                                    id="scrollMe"
                        />
            </aside>
            <section
                        className="content"
            >
                        <Route
                                    component={[Function]}
                                    exact={true}
                                    path="/"
                        />
                        <Route
                                    exact={true}
                                    path="/people"
                                    render={[Function]}
                        />
                        <Route
                                    component={[Function]}
                                    exact={true}
                                    path="/planets"
                        />
                        <Route
                                    component={[Function]}
                                    exact={true}
                                    path="/vehicles"
                        />
                        <Route
                                    exact={true}
                                    path="/favorites"
                                    render={[Function]}
                        />
            </section>
</main>,
        ],
        "className": "App",
      },
      "ref": null,
      "rendered": Array [
        Object {
          "instance": null,
          "key": undefined,
          "nodeType": "host",
          "props": Object {
            "children": Array [
              <div
                className="title-container"
>
                <Link
                                replace={false}
                                to="/"
                >
                                <h2>
                                                SWAPIbox
                                </h2>
                </Link>
</div>,
              <nav
                className="button-container"
>
                <NavLink
                                activeClassName="active"
                                activeStyle={
                                                Object {
                                                                "color": "black",
                                                              }
                                }
                                ariaCurrent="true"
                                to="/people"
                >
                                <button>
                                                <img
                                                                alt="people icon"
                                                                src="people-icon.svg"
                                                />
                                                <h4>
                                                                People
                                                </h4>
                                </button>
                </NavLink>
                <NavLink
                                activeClassName="active"
                                ariaCurrent="true"
                                to="/planets"
                >
                                <button>
                                                <img
                                                                alt="planets icon"
                                                                src="planets-icon.svg"
                                                />
                                                <h4>
                                                                Planets
                                                </h4>
                                </button>
                </NavLink>
                <NavLink
                                activeClassName="active"
                                ariaCurrent="true"
                                to="/vehicles"
                >
                                <button>
                                                <img
                                                                alt="vehicles icon"
                                                                src="vehicles-icon.svg"
                                                />
                                                <h4>
                                                                Vehicles
                                                </h4>
                                </button>
                </NavLink>
                <NavLink
                                activeClassName="active"
                                ariaCurrent="true"
                                to="/favorites"
                >
                                <button
                                                id="favorites"
                                >
                                                <img
                                                                alt="favorites icon"
                                                                src="favorites-icon.svg"
                                                />
                                                <h4>
                                                                Favorites
                                                </h4>
                                </button>
                </NavLink>
                <div
                                className="count-container"
                >
                                <div
                                                className="count-favorites"
                                />
                </div>
</nav>,
            ],
          },
          "ref": null,
          "rendered": Array [
            Object {
              "instance": null,
              "key": undefined,
              "nodeType": "host",
              "props": Object {
                "children": <Link
                  replace={false}
                  to="/"
>
                  <h2>
                                    SWAPIbox
                  </h2>
</Link>,
                "className": "title-container",
              },
              "ref": null,
              "rendered": Object {
                "instance": null,
                "key": undefined,
                "nodeType": "class",
                "props": Object {
                  "children": <h2>
                    SWAPIbox
</h2>,
                  "replace": false,
                  "to": "/",
                },
                "ref": null,
                "rendered": Object {
                  "instance": null,
                  "key": undefined,
                  "nodeType": "host",
                  "props": Object {
                    "children": "SWAPIbox",
                  },
                  "ref": null,
                  "rendered": "SWAPIbox",
                  "type": "h2",
                },
                "type": [Function],
              },
              "type": "div",
            },
            Object {
              "instance": null,
              "key": undefined,
              "nodeType": "host",
              "props": Object {
                "children": Array [
                  <NavLink
                    activeClassName="active"
                    activeStyle={
                                        Object {
                                                            "color": "black",
                                                          }
                    }
                    ariaCurrent="true"
                    to="/people"
>
                    <button>
                                        <img
                                                            alt="people icon"
                                                            src="people-icon.svg"
                                        />
                                        <h4>
                                                            People
                                        </h4>
                    </button>
</NavLink>,
                  <NavLink
                    activeClassName="active"
                    ariaCurrent="true"
                    to="/planets"
>
                    <button>
                                        <img
                                                            alt="planets icon"
                                                            src="planets-icon.svg"
                                        />
                                        <h4>
                                                            Planets
                                        </h4>
                    </button>
</NavLink>,
                  <NavLink
                    activeClassName="active"
                    ariaCurrent="true"
                    to="/vehicles"
>
                    <button>
                                        <img
                                                            alt="vehicles icon"
                                                            src="vehicles-icon.svg"
                                        />
                                        <h4>
                                                            Vehicles
                                        </h4>
                    </button>
</NavLink>,
                  <NavLink
                    activeClassName="active"
                    ariaCurrent="true"
                    to="/favorites"
>
                    <button
                                        id="favorites"
                    >
                                        <img
                                                            alt="favorites icon"
                                                            src="favorites-icon.svg"
                                        />
                                        <h4>
                                                            Favorites
                                        </h4>
                    </button>
</NavLink>,
                  <div
                    className="count-container"
>
                    <div
                                        className="count-favorites"
                    />
</div>,
                ],
                "className": "button-container",
              },
              "ref": null,
              "rendered": Array [
                Object {
                  "instance": null,
                  "key": undefined,
                  "nodeType": "function",
                  "props": Object {
                    "activeClassName": "active",
                    "activeStyle": Object {
                      "color": "black",
                    },
                    "ariaCurrent": "true",
                    "children": <button>
                      <img
                                            alt="people icon"
                                            src="people-icon.svg"
                      />
                      <h4>
                                            People
                      </h4>
</button>,
                    "to": "/people",
                  },
                  "ref": null,
                  "rendered": Object {
                    "instance": null,
                    "key": undefined,
                    "nodeType": "host",
                    "props": Object {
                      "children": Array [
                        <img
                          alt="people icon"
                          src="people-icon.svg"
/>,
                        <h4>
                          People
</h4>,
                      ],
                    },
                    "ref": null,
                    "rendered": Array [
                      Object {
                        "instance": null,
                        "key": undefined,
                        "nodeType": "host",
                        "props": Object {
                          "alt": "people icon",
                          "src": "people-icon.svg",
                        },
                        "ref": null,
                        "rendered": null,
                        "type": "img",
                      },
                      Object {
                        "instance": null,
                        "key": undefined,
                        "nodeType": "host",
                        "props": Object {
                          "children": "People",
                        },
                        "ref": null,
                        "rendered": "People",
                        "type": "h4",
                      },
                    ],
                    "type": "button",
                  },
                  "type": [Function],
                },
                Object {
                  "instance": null,
                  "key": undefined,
                  "nodeType": "function",
                  "props": Object {
                    "activeClassName": "active",
                    "ariaCurrent": "true",
                    "children": <button>
                      <img
                                            alt="planets icon"
                                            src="planets-icon.svg"
                      />
                      <h4>
                                            Planets
                      </h4>
</button>,
                    "to": "/planets",
                  },
                  "ref": null,
                  "rendered": Object {
                    "instance": null,
                    "key": undefined,
                    "nodeType": "host",
                    "props": Object {
                      "children": Array [
                        <img
                          alt="planets icon"
                          src="planets-icon.svg"
/>,
                        <h4>
                          Planets
</h4>,
                      ],
                    },
                    "ref": null,
                    "rendered": Array [
                      Object {
                        "instance": null,
                        "key": undefined,
                        "nodeType": "host",
                        "props": Object {
                          "alt": "planets icon",
                          "src": "planets-icon.svg",
                        },
                        "ref": null,
                        "rendered": null,
                        "type": "img",
                      },
                      Object {
                        "instance": null,
                        "key": undefined,
                        "nodeType": "host",
                        "props": Object {
                          "children": "Planets",
                        },
                        "ref": null,
                        "rendered": "Planets",
                        "type": "h4",
                      },
                    ],
                    "type": "button",
                  },
                  "type": [Function],
                },
                Object {
                  "instance": null,
                  "key": undefined,
                  "nodeType": "function",
                  "props": Object {
                    "activeClassName": "active",
                    "ariaCurrent": "true",
                    "children": <button>
                      <img
                                            alt="vehicles icon"
                                            src="vehicles-icon.svg"
                      />
                      <h4>
                                            Vehicles
                      </h4>
</button>,
                    "to": "/vehicles",
                  },
                  "ref": null,
                  "rendered": Object {
                    "instance": null,
                    "key": undefined,
                    "nodeType": "host",
                    "props": Object {
                      "children": Array [
                        <img
                          alt="vehicles icon"
                          src="vehicles-icon.svg"
/>,
                        <h4>
                          Vehicles
</h4>,
                      ],
                    },
                    "ref": null,
                    "rendered": Array [
                      Object {
                        "instance": null,
                        "key": undefined,
                        "nodeType": "host",
                        "props": Object {
                          "alt": "vehicles icon",
                          "src": "vehicles-icon.svg",
                        },
                        "ref": null,
                        "rendered": null,
                        "type": "img",
                      },
                      Object {
                        "instance": null,
                        "key": undefined,
                        "nodeType": "host",
                        "props": Object {
                          "children": "Vehicles",
                        },
                        "ref": null,
                        "rendered": "Vehicles",
                        "type": "h4",
                      },
                    ],
                    "type": "button",
                  },
                  "type": [Function],
                },
                Object {
                  "instance": null,
                  "key": undefined,
                  "nodeType": "function",
                  "props": Object {
                    "activeClassName": "active",
                    "ariaCurrent": "true",
                    "children": <button
                      id="favorites"
>
                      <img
                                            alt="favorites icon"
                                            src="favorites-icon.svg"
                      />
                      <h4>
                                            Favorites
                      </h4>
</button>,
                    "to": "/favorites",
                  },
                  "ref": null,
                  "rendered": Object {
                    "instance": null,
                    "key": undefined,
                    "nodeType": "host",
                    "props": Object {
                      "children": Array [
                        <img
                          alt="favorites icon"
                          src="favorites-icon.svg"
/>,
                        <h4>
                          Favorites
</h4>,
                      ],
                      "id": "favorites",
                    },
                    "ref": null,
                    "rendered": Array [
                      Object {
                        "instance": null,
                        "key": undefined,
                        "nodeType": "host",
                        "props": Object {
                          "alt": "favorites icon",
                          "src": "favorites-icon.svg",
                        },
                        "ref": null,
                        "rendered": null,
                        "type": "img",
                      },
                      Object {
                        "instance": null,
                        "key": undefined,
                        "nodeType": "host",
                        "props": Object {
                          "children": "Favorites",
                        },
                        "ref": null,
                        "rendered": "Favorites",
                        "type": "h4",
                      },
                    ],
                    "type": "button",
                  },
                  "type": [Function],
                },
                Object {
                  "instance": null,
                  "key": undefined,
                  "nodeType": "host",
                  "props": Object {
                    "children": <div
                      className="count-favorites"
/>,
                    "className": "count-container",
                  },
                  "ref": null,
                  "rendered": Object {
                    "instance": null,
                    "key": undefined,
                    "nodeType": "host",
                    "props": Object {
                      "children": 0,
                      "className": "count-favorites",
                    },
                    "ref": null,
                    "rendered": 0,
                    "type": "div",
                  },
                  "type": "div",
                },
              ],
              "type": "nav",
            },
          ],
          "type": "header",
        },
        Object {
          "instance": null,
          "key": undefined,
          "nodeType": "host",
          "props": Object {
            "children": Array [
              <aside>
                <Unknown
                                film={Object {}}
                                id="scrollMe"
                />
</aside>,
              <section
                className="content"
>
                <Route
                                component={[Function]}
                                exact={true}
                                path="/"
                />
                <Route
                                exact={true}
                                path="/people"
                                render={[Function]}
                />
                <Route
                                component={[Function]}
                                exact={true}
                                path="/planets"
                />
                <Route
                                component={[Function]}
                                exact={true}
                                path="/vehicles"
                />
                <Route
                                exact={true}
                                path="/favorites"
                                render={[Function]}
                />
</section>,
            ],
          },
          "ref": null,
          "rendered": Array [
            Object {
              "instance": null,
              "key": undefined,
              "nodeType": "host",
              "props": Object {
                "children": <Unknown
                  film={Object {}}
                  id="scrollMe"
/>,
              },
              "ref": null,
              "rendered": Object {
                "instance": null,
                "key": undefined,
                "nodeType": "function",
                "props": Object {
                  "film": Object {},
                  "id": "scrollMe",
                },
                "ref": null,
                "rendered": null,
                "type": [Function],
              },
              "type": "aside",
            },
            Object {
              "instance": null,
              "key": undefined,
              "nodeType": "host",
              "props": Object {
                "children": Array [
                  <Route
                    component={[Function]}
                    exact={true}
                    path="/"
/>,
                  <Route
                    exact={true}
                    path="/people"
                    render={[Function]}
/>,
                  <Route
                    component={[Function]}
                    exact={true}
                    path="/planets"
/>,
                  <Route
                    component={[Function]}
                    exact={true}
                    path="/vehicles"
/>,
                  <Route
                    exact={true}
                    path="/favorites"
                    render={[Function]}
/>,
                ],
                "className": "content",
              },
              "ref": null,
              "rendered": Array [
                Object {
                  "instance": null,
                  "key": undefined,
                  "nodeType": "class",
                  "props": Object {
                    "component": [Function],
                    "exact": true,
                    "path": "/",
                  },
                  "ref": null,
                  "rendered": null,
                  "type": [Function],
                },
                Object {
                  "instance": null,
                  "key": undefined,
                  "nodeType": "class",
                  "props": Object {
                    "exact": true,
                    "path": "/people",
                    "render": [Function],
                  },
                  "ref": null,
                  "rendered": null,
                  "type": [Function],
                },
                Object {
                  "instance": null,
                  "key": undefined,
                  "nodeType": "class",
                  "props": Object {
                    "component": [Function],
                    "exact": true,
                    "path": "/planets",
                  },
                  "ref": null,
                  "rendered": null,
                  "type": [Function],
                },
                Object {
                  "instance": null,
                  "key": undefined,
                  "nodeType": "class",
                  "props": Object {
                    "component": [Function],
                    "exact": true,
                    "path": "/vehicles",
                  },
                  "ref": null,
                  "rendered": null,
                  "type": [Function],
                },
                Object {
                  "instance": null,
                  "key": undefined,
                  "nodeType": "class",
                  "props": Object {
                    "exact": true,
                    "path": "/favorites",
                    "render": [Function],
                  },
                  "ref": null,
                  "rendered": null,
                  "type": [Function],
                },
              ],
              "type": "section",
            },
          ],
          "type": "main",
        },
      ],
      "type": "div",
    },
  ],
  Symbol(enzyme.__options__): Object {
    "adapter": ReactSixteenAdapter {
      "options": Object {
        "enableComponentDidUpdateOnSetState": true,
      },
    },
  },
}
`;
